// Jest Snapshot v1, https://goo.gl/fbAQLP

exports[`renders correctly 1`] = `
<View
  ID="addNewClass"
>
  <Text>
    Add a new class placeholder
  </Text>
</View>
`;
