// Jest Snapshot v1, https://goo.gl/fbAQLP

exports[`renders correctly 1`] = `
<View>
  <Text
    style={
      Object {
        "marginTop": 50,
      }
    }
  >
    Placeholder for Class Update screen...
  </Text>
</View>
`;
